---
source: crates/engine/src/parser/oracle_ir/snapshot_tests.rs
assertion_line: 472
expression: "&ir"
---
{
  "items": [
    {
      "PreLoweredSpell": {
        "kind": "Spell",
        "effect": {
          "type": "Unimplemented",
          "name": "unknown",
          "description": "Haste"
        },
        "cost": null,
        "sub_ability": null,
        "duration": null,
        "description": "Haste",
        "target_prompt": null,
        "sorcery_speed": false,
        "condition": null,
        "optional_targeting": false,
        "optional": false,
        "forward_result": false
      }
    },
    {
      "PreLoweredTrigger": {
        "mode": "Attacks",
        "execute": {
          "kind": "Spell",
          "effect": {
            "type": "RevealTop",
            "player": {
              "type": "DefendingPlayer"
            },
            "count": 1
          },
          "cost": null,
          "sub_ability": {
            "kind": "Spell",
            "effect": {
              "type": "ChangeZone",
              "origin": null,
              "destination": "Hand",
              "target": {
                "type": "ParentTarget"
              },
              "owner_library": false,
              "enter_transformed": false,
              "under_your_control": false,
              "enter_tapped": false,
              "enters_attacking": false
            },
            "cost": null,
            "sub_ability": null,
            "duration": null,
            "description": null,
            "target_prompt": null,
            "sorcery_speed": false,
            "condition": {
              "type": "RevealedHasCardType",
              "card_type": "Land"
            },
            "optional_targeting": false,
            "optional": false,
            "forward_result": false,
            "sub_link": "SequentialSibling"
          },
          "duration": null,
          "description": null,
          "target_prompt": null,
          "sorcery_speed": false,
          "condition": null,
          "optional_targeting": false,
          "optional": false,
          "forward_result": false
        },
        "valid_card": {
          "type": "SelfRef"
        },
        "origin": null,
        "destination": null,
        "trigger_zones": [
          "Battlefield"
        ],
        "phase": null,
        "optional": false,
        "damage_kind": "Any",
        "secondary": false,
        "valid_target": null,
        "valid_source": null,
        "description": "Whenever ~ attacks, defending player reveals the top card of their library. If it's a land card, that player puts it into their hand.",
        "constraint": null,
        "condition": null,
        "batched": false
      }
    }
  ],
  "source_text": "Haste\nWhenever this creature attacks, defending player reveals the top card of their library. If it's a land card, that player puts it into their hand.",
  "card_name": "Goblin Guide"
}
