---
source: crates/engine/src/parser/oracle_ir/snapshot_tests.rs
assertion_line: 674
expression: "&ir"
---
{
  "items": [
    {
      "PreLoweredSpell": {
        "kind": "Spell",
        "effect": {
          "type": "Mana",
          "produced": {
            "type": "AnyCombination",
            "count": {
              "type": "Fixed",
              "value": 2
            },
            "color_options": [
              "White",
              "Blue",
              "Black",
              "Red",
              "Green"
            ]
          }
        },
        "cost": null,
        "sub_ability": {
          "kind": "Spell",
          "effect": {
            "type": "Draw",
            "count": {
              "type": "Fixed",
              "value": 1
            },
            "target": {
              "type": "Controller"
            }
          },
          "cost": null,
          "sub_ability": null,
          "duration": null,
          "description": null,
          "target_prompt": null,
          "sorcery_speed": false,
          "condition": null,
          "optional_targeting": false,
          "optional": false,
          "forward_result": false,
          "sub_link": "SequentialSibling"
        },
        "duration": null,
        "description": "Add two mana in any combination of colors.\nDraw a card.",
        "target_prompt": null,
        "sorcery_speed": false,
        "condition": null,
        "optional_targeting": false,
        "optional": false,
        "forward_result": false
      }
    }
  ],
  "source_text": "Add two mana in any combination of colors.\nDraw a card.",
  "card_name": "Manamorphose"
}
