---
source: crates/engine/src/parser/oracle_ir/snapshot_tests.rs
assertion_line: 320
expression: "&ir"
---
{
  "items": [
    {
      "PreLoweredSpell": {
        "kind": "Spell",
        "effect": {
          "type": "GenericEffect",
          "static_abilities": [
            {
              "mode": "CantBeTargeted",
              "affected": {
                "type": "ParentTarget"
              },
              "modifications": [],
              "condition": null,
              "affected_zone": null,
              "effect_zone": null,
              "active_zones": [],
              "characteristic_defining": false,
              "description": "can't be the target of spells or abilities your opponents control"
            }
          ],
          "duration": "UntilEndOfTurn",
          "target": {
            "type": "Typed",
            "type_filters": [
              "Creature"
            ],
            "controller": null,
            "properties": []
          }
        },
        "cost": null,
        "sub_ability": {
          "kind": "Spell",
          "effect": {
            "type": "PumpAll",
            "power": {
              "type": "Fixed",
              "value": 4
            },
            "toughness": {
              "type": "Fixed",
              "value": 4
            },
            "target": {
              "type": "Typed",
              "type_filters": [
                "Creature"
              ],
              "controller": null,
              "properties": []
            }
          },
          "cost": null,
          "sub_ability": null,
          "duration": "UntilEndOfTurn",
          "description": null,
          "target_prompt": null,
          "sorcery_speed": false,
          "condition": {
            "type": "AdditionalCostPaid"
          },
          "optional_targeting": false,
          "optional": false,
          "forward_result": false,
          "sub_link": "SequentialSibling"
        },
        "duration": "UntilEndOfTurn",
        "description": "Target creature can't be the target of spells or abilities your opponents control this turn. If this spell was kicked, that creature gets +4/+4 until end of turn.",
        "target_prompt": null,
        "sorcery_speed": false,
        "condition": null,
        "optional_targeting": false,
        "optional": false,
        "forward_result": false
      }
    },
    {
      "Keyword": {
        "Kicker": {
          "type": "Cost",
          "shards": [
            "Green"
          ],
          "generic": 0
        }
      }
    },
    {
      "AdditionalCost": {
        "type": "Kicker",
        "data": {
          "costs": [
            {
              "type": "Mana",
              "cost": {
                "type": "Cost",
                "shards": [
                  "Green"
                ],
                "generic": 0
              }
            }
          ]
        }
      }
    }
  ],
  "source_text": "Kicker {G} (You may pay an additional {G} as you cast this spell.)\nTarget creature can't be the target of spells or abilities your opponents control this turn. If this spell was kicked, that creature gets +4/+4 until end of turn.",
  "card_name": "Vines of Vastwood"
}
